<?xml version="1.0" encoding="UTF-8" ?>
<testsuites name="vitest tests" tests="1" failures="0" errors="0" time="0.001268208">
    <testsuite name="src/components/__tests__/example.test.ts" timestamp="2025-07-15T20:27:16.376Z" hostname="MacBook-Pro-von-Lukas-2.fritz.box" tests="1" failures="0" errors="0" skipped="0" time="0.001268208">
        <testcase classname="src/components/__tests__/example.test.ts" name="Example Test &gt; should work" time="0.000652625">
        </testcase>
    </testsuite>
</testsuites>
